../Core/Src/main.c:205:5:main	24	static
../Core/Src/main.c:332:6:SystemClock_Config	88	static
../Core/Src/main.c:378:13:MX_ADC1_Init	24	static
../Core/Src/main.c:430:13:MX_TIM1_Init	96	static
../Core/Src/main.c:505:13:MX_TIM2_Init	32	static
../Core/Src/main.c:550:13:MX_USB_OTG_FS_PCD_Init	8	static
../Core/Src/main.c:583:13:MX_DMA_Init	16	static
../Core/Src/main.c:604:13:MX_GPIO_Init	48	static
../Core/Src/main.c:639:13:MX_FSMC_Init	40	static
../Core/Src/main.c:691:6:HAL_ADC_ConvHalfCpltCallback	16	static,ignoring_inline_asm
../Core/Src/main.c:703:6:drawMenu	40	static
../Core/Src/main.c:751:6:drawEffectScreen	16	static
../Core/Src/main.c:778:18:checkRotaryEncoder	16	static
../Core/Src/main.c:819:9:readSwitch	8	static
../Core/Src/main.c:854:6:run_rainbow_effect	56	static
../Core/Src/main.c:931:6:HAL_TIM_PWM_PulseFinishedCallback	16	static
../Core/Src/main.c:942:6:Set_LED	24	static
../Core/Src/main.c:962:6:Set_Brightness	40	static
../Core/Src/main.c:1013:6:WS2812_Send	32	static
../Core/Src/main.c:1080:7:HSV_to_RGB_integer	32	static
../Core/Src/main.c:1146:10:calculate_rms	32	static
../Core/Src/main.c:1172:6:run_sound_sync_effect	40	static
../Core/Src/main.c:1224:6:Error_Handler	4	static,ignoring_inline_asm
