../Core/Src/stm32f4xx_hal_msp.c:68:6:HAL_MspInit	16	static
../Core/Src/stm32f4xx_hal_msp.c:91:6:HAL_ADC_MspInit	48	static
../Core/Src/stm32f4xx_hal_msp.c:144:6:HAL_ADC_MspDeInit	16	static
../Core/Src/stm32f4xx_hal_msp.c:174:6:HAL_TIM_Base_MspInit	24	static
../Core/Src/stm32f4xx_hal_msp.c:224:6:HAL_TIM_MspPostInit	40	static
../Core/Src/stm32f4xx_hal_msp.c:256:6:HAL_TIM_Base_MspDeInit	16	static
../Core/Src/stm32f4xx_hal_msp.c:295:6:HAL_PCD_MspInit	48	static
../Core/Src/stm32f4xx_hal_msp.c:332:6:HAL_PCD_MspDeInit	16	static
../Core/Src/stm32f4xx_hal_msp.c:357:13:HAL_FSMC_MspInit	32	static
../Core/Src/stm32f4xx_hal_msp.c:415:6:HAL_SRAM_MspInit	16	static
../Core/Src/stm32f4xx_hal_msp.c:427:13:HAL_FSMC_MspDeInit	8	static
../Core/Src/stm32f4xx_hal_msp.c:473:6:HAL_SRAM_MspDeInit	16	static
